exports[`test renders a ImageButton using Snapshots 1`] = `
<View
  accessibilityComponentType={undefined}
  accessibilityLabel={undefined}
  accessibilityTraits={undefined}
  accessible={true}
  hitSlop={undefined}
  onLayout={undefined}
  onResponderGrant={[Function]}
  onResponderMove={[Function]}
  onResponderRelease={[Function]}
  onResponderTerminate={[Function]}
  onResponderTerminationRequest={[Function]}
  onStartShouldSetResponder={[Function]}
  style={
    Array [
      Object {
        "backgroundColor": "transparent",
      },
      Array [
        Object {
          "alignItems": "center",
          "justifyContent": "center",
        },
        Object {
          "height": 32,
          "width": 32,
        },
      ],
    ]
  }
  testID={undefined}>
  <Image
    resizeMode="contain"
    source={1}
    style={
      Array [
        Object {},
        Object {
          "height": 18,
          "tintColor": "white",
          "width": 18,
        },
      ]
    } />
</View>
`;
