exports[`test returns the same state on an unhandled action 1`] = `
Object {
  "city": "",
  "interests": Array [],
  "loggedIn": false,
  "user": Object {},
}
`;
